A4E2 _objlist
94DC _spotvis
791A _statobjlist
1482 _s_player
0010 _s_attack
02FE _s_rocket
030E _s_smoke1
031E _s_smoke2
032E _s_smoke3
033E _s_smoke4
034E _s_boom1
035E _s_boom2
036E _s_boom3
037E _s_hrocket
038E _s_hsmoke1
039E _s_hsmoke2
03AE _s_hsmoke3
03BE _s_hsmoke4
03CE _s_hboom1
03DE _s_hboom2
03EE _s_hboom3
03FE _s_grdstand
040E _s_grdpath1
041E _s_grdpath1s
042E _s_grdpath2
043E _s_grdpath3
044E _s_grdpath3s
045E _s_grdpath4
046E _s_grdpain
047E _s_grdpain1
048E _s_grdshoot1
049E _s_grdshoot2
04AE _s_grdshoot3
04BE _s_grdchase1
04CE _s_grdchase1s
04DE _s_grdchase2
04EE _s_grdchase3
04FE _s_grdchase3s
050E _s_grdchase4
051E _s_grddie1
052E _s_grddie2
053E _s_grddie3
054E _s_grddie4
055E _s_dogpath1
056E _s_dogpath1s
057E _s_dogpath2
058E _s_dogpath3
059E _s_dogpath3s
05AE _s_dogpath4
05BE _s_dogjump1
05CE _s_dogjump2
05DE _s_dogjump3
05EE _s_dogjump4
05FE _s_dogjump5
060E _s_dogchase1
061E _s_dogchase1s
062E _s_dogchase2
063E _s_dogchase3
064E _s_dogchase3s
065E _s_dogchase4
066E _s_dogdie1
067E _s_dogdie2
068E _s_dogdie3
069E _s_dogdead
06AE _s_ofcstand
06BE _s_ofcpath1
06CE _s_ofcpath1s
06DE _s_ofcpath2
06EE _s_ofcpath3
06FE _s_ofcpath3s
070E _s_ofcpath4
071E _s_ofcpain
072E _s_ofcpain1
073E _s_ofcshoot1
074E _s_ofcshoot2
075E _s_ofcshoot3
076E _s_ofcchase1
077E _s_ofcchase1s
078E _s_ofcchase2
079E _s_ofcchase3
07AE _s_ofcchase3s
07BE _s_ofcchase4
07CE _s_ofcdie1
07DE _s_ofcdie2
07EE _s_ofcdie3
07FE _s_ofcdie4
080E _s_ofcdie5
081E _s_mutstand
082E _s_mutpath1
083E _s_mutpath1s
084E _s_mutpath2
085E _s_mutpath3
086E _s_mutpath3s
087E _s_mutpath4
088E _s_mutpain
089E _s_mutpain1
08AE _s_mutshoot1
08BE _s_mutshoot2
08CE _s_mutshoot3
08DE _s_mutshoot4
08EE _s_mutchase1
08FE _s_mutchase1s
090E _s_mutchase2
091E _s_mutchase3
092E _s_mutchase3s
093E _s_mutchase4
094E _s_mutdie1
095E _s_mutdie2
096E _s_mutdie3
097E _s_mutdie4
098E _s_mutdie5
099E _s_ssstand
09AE _s_sspath1
09BE _s_sspath1s
09CE _s_sspath2
09DE _s_sspath3
09EE _s_sspath3s
09FE _s_sspath4
0A0E _s_sspain
0A1E _s_sspain1
0A2E _s_ssshoot1
0A3E _s_ssshoot2
0A4E _s_ssshoot3
0A5E _s_ssshoot4
0A6E _s_ssshoot5
0A7E _s_ssshoot6
0A8E _s_ssshoot7
0A9E _s_ssshoot8
0AAE _s_ssshoot9
0ABE _s_sschase1
0ACE _s_sschase1s
0ADE _s_sschase2
0AEE _s_sschase3
0AFE _s_sschase3s
0B0E _s_sschase4
0B1E _s_ssdie1
0B2E _s_ssdie2
0B3E _s_ssdie3
0B4E _s_ssdie4
0B70 _s_transstand
0B80 _s_transchase1
0B90 _s_transchase1s
0BA0 _s_transchase2
0BB0 _s_transchase3
0BC0 _s_transchase3s
0BD0 _s_transchase4
0BE0 _s_transdie0
0BF0 _s_transdie01
0C00 _s_transdie1
0C10 _s_transdie2
0C20 _s_transdie3
0C30 _s_transdie4
0C40 _s_transshoot1
0C50 _s_transshoot2
0C60 _s_transshoot3
0C70 _s_transshoot4
0C80 _s_transshoot5
0C90 _s_transshoot6
0CA0 _s_transshoot7
0CB0 _s_transshoot8
0CC0 _s_uberstand
0CD0 _s_uberchase1
0CE0 _s_uberchase1s
0CF0 _s_uberchase2
0D00 _s_uberchase3
0D10 _s_uberchase3s
0D20 _s_uberchase4
0D30 _s_uberdie0
0D40 _s_uberdie01
0D50 _s_uberdie1
0D60 _s_uberdie2
0D70 _s_uberdie3
0D80 _s_uberdie4
0D90 _s_uberdie5
0DA0 _s_ubershoot1
0DB0 _s_ubershoot2
0DC0 _s_ubershoot3
0DD0 _s_ubershoot4
0DE0 _s_ubershoot5
0DF0 _s_ubershoot6
0E00 _s_ubershoot7
0E10 _s_willstand
0E20 _s_willchase1
0E30 _s_willchase1s
0E40 _s_willchase2
0E50 _s_willchase3
0E60 _s_willchase3s
0E70 _s_willchase4
0E80 _s_willdeathcam
0E90 _s_willdie1
0EA0 _s_willdie2
0EB0 _s_willdie3
0EC0 _s_willdie4
0ED0 _s_willdie5
0EE0 _s_willdie6
0EF0 _s_willshoot1
0F00 _s_willshoot2
0F10 _s_willshoot3
0F20 _s_willshoot4
0F30 _s_willshoot5
0F40 _s_willshoot6
0F50 _s_deathstand
0F60 _s_deathchase1
0F70 _s_deathchase1s
0F80 _s_deathchase2
0F90 _s_deathchase3
0FA0 _s_deathchase3s
0FB0 _s_deathchase4
0FC0 _s_deathdeathcam
0FD0 _s_deathdie1
0FE0 _s_deathdie2
0FF0 _s_deathdie3
1000 _s_deathdie4
1010 _s_deathdie5
1020 _s_deathdie6
1030 _s_deathdie7
1040 _s_deathdie8
1050 _s_deathdie9
1060 _s_deathshoot1
1070 _s_deathshoot2
1080 _s_deathshoot3
1090 _s_deathshoot4
10A0 _s_deathshoot5
10B0 _s_angelstand
10C0 _s_angelchase1
10D0 _s_angelchase1s
10E0 _s_angelchase2
10F0 _s_angelchase3
1100 _s_angelchase3s
1110 _s_angelchase4
1120 _s_angeldie1
1130 _s_angeldie11
1140 _s_angeldie2
1150 _s_angeldie3
1160 _s_angeldie4
1170 _s_angeldie5
1180 _s_angeldie6
1190 _s_angeldie7
11A0 _s_angeldie8
11B0 _s_angeldie9
11C0 _s_angelshoot1
11D0 _s_angelshoot2
11E0 _s_angelshoot3
11F0 _s_angeltired
1200 _s_angeltired2
1210 _s_angeltired3
1220 _s_angeltired4
1230 _s_angeltired5
1240 _s_angeltired6
1250 _s_angeltired7
1260 _s_spark1
1270 _s_spark2
1280 _s_spark3
1290 _s_spark4
12A0 _s_spectrewait1
12B0 _s_spectrewait2
12C0 _s_spectrewait3
12D0 _s_spectrewait4
12E0 _s_spectrechase1
12F0 _s_spectrechase2
1300 _s_spectrechase3
1310 _s_spectrechase4
1320 _s_spectredie1
1330 _s_spectredie2
1340 _s_spectredie3
1350 _s_spectredie4
1360 _s_spectrewake
