AC2E _objlist
9C28 _spotvis
801A _statobjlist
18DA _s_player
0010 _s_attack
02EE _s_rocket
02FE _s_smoke1
030E _s_smoke2
031E _s_smoke3
032E _s_smoke4
033E _s_boom1
034E _s_boom2
035E _s_boom3
036E _s_grdstand
037E _s_grdpath1
038E _s_grdpath1s
039E _s_grdpath2
03AE _s_grdpath3
03BE _s_grdpath3s
03CE _s_grdpath4
03DE _s_grdpain
03EE _s_grdpain1
03FE _s_grdshoot1
040E _s_grdshoot2
041E _s_grdshoot3
042E _s_grdchase1
043E _s_grdchase1s
044E _s_grdchase2
045E _s_grdchase3
046E _s_grdchase3s
047E _s_grdchase4
048E _s_grddie1
049E _s_grddie2
04AE _s_grddie3
04BE _s_grddie4
04CE _s_blinkychase1
04DE _s_blinkychase2
04EE _s_inkychase1
04FE _s_inkychase2
050E _s_pinkychase1
051E _s_pinkychase2
052E _s_clydechase1
053E _s_clydechase2
054E _s_dogpath1
055E _s_dogpath1s
056E _s_dogpath2
057E _s_dogpath3
058E _s_dogpath3s
059E _s_dogpath4
05AE _s_dogjump1
05BE _s_dogjump2
05CE _s_dogjump3
05DE _s_dogjump4
05EE _s_dogjump5
05FE _s_dogchase1
060E _s_dogchase1s
061E _s_dogchase2
062E _s_dogchase3
063E _s_dogchase3s
064E _s_dogchase4
065E _s_dogdie1
066E _s_dogdie2
067E _s_dogdie3
068E _s_dogdead
069E _s_ofcstand
06AE _s_ofcpath1
06BE _s_ofcpath1s
06CE _s_ofcpath2
06DE _s_ofcpath3
06EE _s_ofcpath3s
06FE _s_ofcpath4
070E _s_ofcpain
071E _s_ofcpain1
072E _s_ofcshoot1
073E _s_ofcshoot2
074E _s_ofcshoot3
075E _s_ofcchase1
076E _s_ofcchase1s
077E _s_ofcchase2
078E _s_ofcchase3
079E _s_ofcchase3s
07AE _s_ofcchase4
07BE _s_ofcdie1
07CE _s_ofcdie2
07DE _s_ofcdie3
07EE _s_ofcdie4
07FE _s_ofcdie5
080E _s_mutstand
081E _s_mutpath1
082E _s_mutpath1s
083E _s_mutpath2
084E _s_mutpath3
085E _s_mutpath3s
086E _s_mutpath4
087E _s_mutpain
088E _s_mutpain1
089E _s_mutshoot1
08AE _s_mutshoot2
08BE _s_mutshoot3
08CE _s_mutshoot4
08DE _s_mutchase1
08EE _s_mutchase1s
08FE _s_mutchase2
090E _s_mutchase3
091E _s_mutchase3s
092E _s_mutchase4
093E _s_mutdie1
094E _s_mutdie2
095E _s_mutdie3
096E _s_mutdie4
097E _s_mutdie5
098E _s_ssstand
099E _s_sspath1
09AE _s_sspath1s
09BE _s_sspath2
09CE _s_sspath3
09DE _s_sspath3s
09EE _s_sspath4
09FE _s_sspain
0A0E _s_sspain1
0A1E _s_ssshoot1
0A2E _s_ssshoot2
0A3E _s_ssshoot3
0A4E _s_ssshoot4
0A5E _s_ssshoot5
0A6E _s_ssshoot6
0A7E _s_ssshoot7
0A8E _s_ssshoot8
0A9E _s_ssshoot9
0AAE _s_sschase1
0ABE _s_sschase1s
0ACE _s_sschase2
0ADE _s_sschase3
0AEE _s_sschase3s
0AFE _s_sschase4
0B0E _s_ssdie1
0B1E _s_ssdie2
0B2E _s_ssdie3
0B3E _s_ssdie4
0B4E _s_bossstand
0B5E _s_bosschase1
0B6E _s_bosschase1s
0B7E _s_bosschase2
0B8E _s_bosschase3
0B9E _s_bosschase3s
0BAE _s_bosschase4
0BBE _s_bossdie1
0BCE _s_bossdie2
0BDE _s_bossdie3
0BEE _s_bossdie4
0BFE _s_bossshoot1
0C0E _s_bossshoot2
0C1E _s_bossshoot3
0C2E _s_bossshoot4
0C3E _s_bossshoot5
0C4E _s_bossshoot6
0C5E _s_bossshoot7
0C6E _s_bossshoot8
0C7E _s_gretelstand
0C8E _s_gretelchase1
0C9E _s_gretelchase1s
0CAE _s_gretelchase2
0CBE _s_gretelchase3
0CCE _s_gretelchase3s
0CDE _s_gretelchase4
0CEE _s_greteldie1
0CFE _s_greteldie2
0D0E _s_greteldie3
0D1E _s_greteldie4
0D2E _s_gretelshoot1
0D3E _s_gretelshoot2
0D4E _s_gretelshoot3
0D5E _s_gretelshoot4
0D6E _s_gretelshoot5
0D7E _s_gretelshoot6
0D8E _s_gretelshoot7
0D9E _s_gretelshoot8
0DC0 _s_schabbstand
0DD0 _s_schabbchase1
0DE0 _s_schabbchase1s
0DF0 _s_schabbchase2
0E00 _s_schabbchase3
0E10 _s_schabbchase3s
0E20 _s_schabbchase4
0E30 _s_schabbdeathcam
0E40 _s_schabbdie1
0E50 _s_schabbdie2
0E60 _s_schabbdie3
0E70 _s_schabbdie4
0E80 _s_schabbdie5
0E90 _s_schabbdie6
0EA0 _s_schabbshoot1
0EB0 _s_schabbshoot2
0EC0 _s_needle1
0ED0 _s_needle2
0EE0 _s_needle3
0EF0 _s_needle4
0F00 _s_giftstand
0F10 _s_giftchase1
0F20 _s_giftchase1s
0F30 _s_giftchase2
0F40 _s_giftchase3
0F50 _s_giftchase3s
0F60 _s_giftchase4
0F70 _s_giftdeathcam
0F80 _s_giftdie1
0F90 _s_giftdie2
0FA0 _s_giftdie3
0FB0 _s_giftdie4
0FC0 _s_giftdie5
0FD0 _s_giftdie6
0FE0 _s_giftshoot1
0FF0 _s_giftshoot2
1000 _s_fatstand
1010 _s_fatchase1
1020 _s_fatchase1s
1030 _s_fatchase2
1040 _s_fatchase3
1050 _s_fatchase3s
1060 _s_fatchase4
1070 _s_fatdeathcam
1080 _s_fatdie1
1090 _s_fatdie2
10A0 _s_fatdie3
10B0 _s_fatdie4
10C0 _s_fatdie5
10D0 _s_fatdie6
10E0 _s_fatshoot1
10F0 _s_fatshoot2
1100 _s_fatshoot3
1110 _s_fatshoot4
1120 _s_fatshoot5
1130 _s_fatshoot6
1140 _s_fakestand
1150 _s_fakechase1
1160 _s_fakechase1s
1170 _s_fakechase2
1180 _s_fakechase3
1190 _s_fakechase3s
11A0 _s_fakechase4
11B0 _s_fakedie1
11C0 _s_fakedie2
11D0 _s_fakedie3
11E0 _s_fakedie4
11F0 _s_fakedie5
1200 _s_fakedie6
1210 _s_fakeshoot1
1220 _s_fakeshoot2
1230 _s_fakeshoot3
1240 _s_fakeshoot4
1250 _s_fakeshoot5
1260 _s_fakeshoot6
1270 _s_fakeshoot7
1280 _s_fakeshoot8
1290 _s_fakeshoot9
12A0 _s_fire1
12B0 _s_fire2
12C0 _s_mechastand
12D0 _s_mechachase1
12E0 _s_mechachase1s
12F0 _s_mechachase2
1300 _s_mechachase3
1310 _s_mechachase3s
1320 _s_mechachase4
1330 _s_mechadie1
1340 _s_mechadie2
1350 _s_mechadie3
1360 _s_mechadie4
1370 _s_mechashoot1
1380 _s_mechashoot2
1390 _s_mechashoot3
13A0 _s_mechashoot4
13B0 _s_mechashoot5
13C0 _s_mechashoot6
13D0 _s_hitlerchase1
13E0 _s_hitlerchase1s
13F0 _s_hitlerchase2
1400 _s_hitlerchase3
1410 _s_hitlerchase3s
1420 _s_hitlerchase4
1430 _s_hitlerdeathcam
1440 _s_hitlerdie1
1450 _s_hitlerdie2
1460 _s_hitlerdie3
1470 _s_hitlerdie4
1480 _s_hitlerdie5
1490 _s_hitlerdie6
14A0 _s_hitlerdie7
14B0 _s_hitlerdie8
14C0 _s_hitlerdie9
14D0 _s_hitlerdie10
14E0 _s_hitlershoot1
14F0 _s_hitlershoot2
1500 _s_hitlershoot3
1510 _s_hitlershoot4
1520 _s_hitlershoot5
1530 _s_hitlershoot6
1548 _s_bjrun1
1558 _s_bjrun1s
1568 _s_bjrun2
1578 _s_bjrun3
1588 _s_bjrun3s
1598 _s_bjrun4
15A8 _s_bjjump1
15B8 _s_bjjump2
15C8 _s_bjjump3
15D8 _s_bjjump4
15E8 _s_deathcam
